\BOOKMARK [1][]{section.1}{\376\377\116\000\060\001\000\040\225\356\230\230\221\315\217\360}{}% 1
\BOOKMARK [2][]{subsection.1.1}{\376\377\0001\000.\0001\000\040\225\356\230\230\200\314\146\157}{section.1}% 2
\BOOKMARK [2][]{subsection.1.2}{\376\377\0001\000.\0002\000\040\225\356\230\230\143\320\121\372}{section.1}% 3
\BOOKMARK [1][]{section.2}{\376\377\116\214\060\001\000\040\225\356\230\230\122\006\147\220}{}% 4
\BOOKMARK [2][]{subsection.2.1}{\376\377\0002\000.\0001\000\040\224\210\133\371\225\356\230\230\116\000\166\204\122\006\147\220}{section.2}% 5
\BOOKMARK [2][]{subsection.2.2}{\376\377\0002\000.\0002\000\040\224\210\133\371\225\356\230\230\116\214\166\204\122\006\147\220}{section.2}% 6
\BOOKMARK [2][]{subsection.2.3}{\376\377\0002\000.\0003\000\040\224\210\133\371\225\356\230\230\116\011\166\204\122\006\147\220}{section.2}% 7
\BOOKMARK [2][]{subsection.2.4}{\376\377\0002\000.\0004\000\040\224\210\133\371\225\356\230\230\126\333\166\204\122\006\147\220}{section.2}% 8
\BOOKMARK [2][]{subsection.2.5}{\376\377\0002\000.\0005\000\040\147\054\145\207\140\073\117\123\136\372\152\041\140\035\215\357}{section.2}% 9
\BOOKMARK [1][]{section.3}{\376\377\116\011\060\001\000\040\152\041\127\213\120\107\213\276}{}% 10
\BOOKMARK [1][]{section.4}{\376\377\126\333\060\001\000\040\173\046\123\367\213\364\146\016}{}% 11
\BOOKMARK [1][]{section.5}{\376\377\116\224\060\001\000\040\152\041\127\213\166\204\136\372\172\313\116\016\154\102\211\343}{}% 12
\BOOKMARK [2][]{subsection.5.1}{\376\377\0005\000.\0001\000\040\225\356\230\230\116\000\166\204\152\041\127\213\136\372\172\313\116\016\154\102\211\343}{section.5}% 13
\BOOKMARK [3][]{subsubsection.5.1.1}{\376\377\0005\000.\0001\000.\0001\000\040\136\372\152\041\140\035\215\357}{subsection.5.1}% 14
\BOOKMARK [3][]{subsubsection.5.1.2}{\376\377\0005\000.\0001\000.\0002\000\040\122\237\163\207\136\163\210\141\176\246\147\137}{subsection.5.1}% 15
\BOOKMARK [3][]{subsubsection.5.1.3}{\376\377\0005\000.\0001\000.\0003\000\040\120\250\200\375\174\373\176\337\217\320\210\114\176\246\147\137}{subsection.5.1}% 16
\BOOKMARK [3][]{subsubsection.5.1.4}{\376\377\0005\000.\0001\000.\0004\000\040\166\356\150\007\121\375\145\160}{subsection.5.1}% 17
\BOOKMARK [3][]{subsubsection.5.1.5}{\376\377\0005\000.\0001\000.\0005\000\040\152\041\127\213\154\102\211\343\145\271\154\325}{subsection.5.1}% 18
\BOOKMARK [3][]{subsubsection.5.1.6}{\376\377\0005\000.\0001\000.\0006\000\040\154\102\211\343\176\323\147\234\116\016\122\006\147\220}{subsection.5.1}% 19
\BOOKMARK [1][]{section.6}{\376\377\121\155\060\001\000\040\225\356\230\230\116\214\152\041\127\213\166\204\136\372\172\313\116\016\154\102\211\343}{}% 20
\BOOKMARK [2][]{subsection.6.1}{\376\377\0006\000.\0001\000\040\136\372\152\041\140\035\215\357}{section.6}% 21
\BOOKMARK [2][]{subsection.6.2}{\376\377\0006\000.\0002\000\040\145\160\143\156\211\304\137\213\122\006\147\220\116\016\145\345\122\115\230\204\155\113\152\041\127\213}{section.6}% 22
\BOOKMARK [2][]{subsection.6.3}{\376\377\0006\000.\0003\000\040\230\204\155\113\117\131\221\317\213\276\177\156\116\016\123\302\145\160\133\373\117\030}{section.6}% 23
\BOOKMARK [2][]{subsection.6.4}{\376\377\0006\000.\0004\000\040\145\345\122\115\213\241\122\022\215\055\165\065\117\030\123\026\152\041\127\213}{section.6}% 24
\BOOKMARK [2][]{subsection.6.5}{\376\377\0006\000.\0005\000\040\145\345\121\205\133\236\145\366\176\240\120\117\173\126\165\145}{section.6}% 25
\BOOKMARK [2][]{subsection.6.6}{\376\377\0006\000.\0006\000\040\121\150\136\164\156\332\122\250\154\102\211\343\155\101\172\013}{section.6}% 26
\BOOKMARK [2][]{subsection.6.7}{\376\377\0006\000.\0007\000\040\154\102\211\343\176\323\147\234\116\016\122\006\147\220}{section.6}% 27
\BOOKMARK [1][]{section.7}{\376\377\116\003\060\001\000\040\225\356\230\230\116\011\152\041\127\213\166\204\136\372\172\313\116\016\154\102\211\343}{}% 28
\BOOKMARK [2][]{subsection.7.1}{\376\377\0007\000.\0001\000\040\225\356\230\230\116\011\154\102\211\343\140\035\215\357}{section.7}% 29
\BOOKMARK [2][]{subsection.7.2}{\376\377\0007\000.\0002\000\040\225\356\230\230\116\011\152\041\127\213\136\372\172\313}{section.7}% 30
\BOOKMARK [3][]{subsubsection.7.2.1}{\376\377\0007\000.\0002\000.\0001\000\040\226\104\116\366\000\040\0003\000\040\230\204\142\245\215\050\221\317\213\312\145\255}{subsection.7.2}% 31
\BOOKMARK [3][]{subsubsection.7.2.2}{\376\377\0007\000.\0002\000.\0002\000\040\121\111\117\017\121\372\122\233\117\060\213\241\152\041\127\213}{subsection.7.2}% 32
\BOOKMARK [3][]{subsubsection.7.2.3}{\376\377\0007\000.\0002\000.\0003\000\040\213\241\122\022\116\016\214\003\145\164\116\044\226\066\153\265\117\030\123\026\152\041\127\213}{subsection.7.2}% 33
\BOOKMARK [2][]{subsection.7.3}{\376\377\0007\000.\0003\000\040\225\356\230\230\116\011\152\041\127\213\154\102\211\343\116\016\122\006\147\220}{section.7}% 34
\BOOKMARK [3][]{subsubsection.7.3.1}{\376\377\0007\000.\0003\000.\0001\000\040\123\302\145\160\133\373\117\030}{subsection.7.3}% 35
\BOOKMARK [3][]{subsubsection.7.3.2}{\376\377\0007\000.\0003\000.\0002\000\040\173\126\165\145\123\330\117\123\133\371\153\324}{subsection.7.3}% 36
\BOOKMARK [3][]{subsubsection.7.3.3}{\376\377\0007\000.\0003\000.\0003\000\040\154\102\211\343\176\323\147\234\116\016\122\006\147\220}{subsection.7.3}% 37
\BOOKMARK [3][]{subsubsection.7.3.4}{\376\377\0007\000.\0003\000.\0004\000\040\146\057\124\046\227\000\211\201\137\025\121\145\121\166\116\326\145\366\122\073\166\204\230\204\142\245}{subsection.7.3}% 38
\BOOKMARK [1][]{section.8}{\376\377\121\153\060\001\000\040\160\165\145\117\136\246\122\006\147\220\116\016\213\357\135\356\122\006\147\220}{}% 39
\BOOKMARK [2][]{subsection.8.1}{\376\377\0008\000.\0001\000\040\160\165\145\117\136\246\122\006\147\220}{section.8}% 40
\BOOKMARK [3][]{subsubsection.8.1.1}{\376\377\0008\000.\0001\000.\0001\000\040\230\204\155\113\145\271\154\325\116\016\117\131\221\317\123\302\145\160}{subsection.8.1}% 41
\BOOKMARK [3][]{subsubsection.8.1.2}{\376\377\0008\000.\0001\000.\0002\000\040\173\126\165\145\123\302\145\160\166\204\172\063\120\145\140\047}{subsection.8.1}% 42
\BOOKMARK [2][]{subsection.8.2}{\376\377\0008\000.\0002\000\040\213\357\135\356\122\006\147\220}{section.8}% 43
\BOOKMARK [3][]{subsubsection.8.2.1}{\376\377\0008\000.\0002\000.\0001\000\040\121\111\117\017\230\204\142\245\213\357\135\356}{subsection.8.2}% 44
\BOOKMARK [3][]{subsubsection.8.2.2}{\376\377\0008\000.\0002\000.\0002\000\040\230\204\155\113\213\357\135\356\166\204\176\317\155\116\116\343\116\367}{subsection.8.2}% 45
\BOOKMARK [3][]{subsubsection.8.2.3}{\376\377\0008\000.\0002\000.\0003\000\040\117\131\221\317\173\126\165\145\166\204\126\372\147\011\116\343\116\367\116\016\145\160\120\074\150\041\232\214}{subsection.8.2}% 46
\BOOKMARK [1][]{section.9}{\376\377\116\135\060\001\000\040\152\041\127\213\213\304\116\367\116\016\143\250\136\177}{}% 47
\BOOKMARK [2][]{subsection.9.1}{\376\377\0009\000.\0001\000\040\152\041\127\213\166\204\117\030\160\271}{section.9}% 48
\BOOKMARK [2][]{subsection.9.2}{\376\377\0009\000.\0002\000\040\152\041\127\213\166\204\116\015\215\263}{section.9}% 49
\BOOKMARK [2][]{subsection.9.3}{\376\377\0009\000.\0003\000\040\152\041\127\213\166\204\143\250\136\177}{section.9}% 50
\BOOKMARK [1][]{section.10}{\376\377\123\101\060\001\000\040\000A\000I\135\345\121\167\117\177\165\050\130\360\146\016}{}% 51
\BOOKMARK [1][]{section.11}{\376\377\123\101\116\000\060\001\000\040\123\302\200\003\145\207\163\056}{}% 52
\BOOKMARK [1][]{section*.23}{}{}% 53
\BOOKMARK [1][]{appendix.A}{\376\377\000A\000\040\226\104\137\125\000A\000\040\145\207\116\366\122\027\210\150}{}% 54
